// Jest Snapshot v1, https://goo.gl/fbAQLP

exports[`Test on Users should match initial snapshot for a List of users 1`] = `
Object {
  "asFragment": [Function],
  "baseElement": <body>
    <div>
      <div
        class="list"
      >
        <div
          aria-labelledby="user"
          class="list-group"
          role="list"
        >
          <div
            class="list-item list-group-item"
            role="listitem"
          >
            <div
              class="user"
            >
              <span>
                Alice
              </span>
              <button
                class="btn btn-secondary"
                type="button"
              >
                Unfollow
              </button>
            </div>
          </div>
          <div
            class="list-item list-group-item"
            role="listitem"
          >
            <div
              class="user"
            >
              <span>
                Bob
              </span>
              <button
                class="btn btn-secondary"
                type="button"
              >
                Unfollow
              </button>
            </div>
          </div>
          <div
            class="list-item list-group-item"
            role="listitem"
          >
            <div
              class="user"
            >
              <span>
                Mike
              </span>
              <button
                class="btn btn-secondary"
                type="button"
              >
                Unfollow
              </button>
            </div>
          </div>
        </div>
      </div>
    </div>
  </body>,
  "container": <div>
    <div
      class="list"
    >
      <div
        aria-labelledby="user"
        class="list-group"
        role="list"
      >
        <div
          class="list-item list-group-item"
          role="listitem"
        >
          <div
            class="user"
          >
            <span>
              Alice
            </span>
            <button
              class="btn btn-secondary"
              type="button"
            >
              Unfollow
            </button>
          </div>
        </div>
        <div
          class="list-item list-group-item"
          role="listitem"
        >
          <div
            class="user"
          >
            <span>
              Bob
            </span>
            <button
              class="btn btn-secondary"
              type="button"
            >
              Unfollow
            </button>
          </div>
        </div>
        <div
          class="list-item list-group-item"
          role="listitem"
        >
          <div
            class="user"
          >
            <span>
              Mike
            </span>
            <button
              class="btn btn-secondary"
              type="button"
            >
              Unfollow
            </button>
          </div>
        </div>
      </div>
    </div>
  </div>,
  "debug": [Function],
  "findAllByAltText": [Function],
  "findAllByDisplayValue": [Function],
  "findAllByLabelText": [Function],
  "findAllByPlaceholderText": [Function],
  "findAllByRole": [Function],
  "findAllByTestId": [Function],
  "findAllByText": [Function],
  "findAllByTitle": [Function],
  "findByAltText": [Function],
  "findByDisplayValue": [Function],
  "findByLabelText": [Function],
  "findByPlaceholderText": [Function],
  "findByRole": [Function],
  "findByTestId": [Function],
  "findByText": [Function],
  "findByTitle": [Function],
  "getAllByAltText": [Function],
  "getAllByDisplayValue": [Function],
  "getAllByLabelText": [Function],
  "getAllByPlaceholderText": [Function],
  "getAllByRole": [Function],
  "getAllByTestId": [Function],
  "getAllByText": [Function],
  "getAllByTitle": [Function],
  "getByAltText": [Function],
  "getByDisplayValue": [Function],
  "getByLabelText": [Function],
  "getByPlaceholderText": [Function],
  "getByRole": [Function],
  "getByTestId": [Function],
  "getByText": [Function],
  "getByTitle": [Function],
  "queryAllByAltText": [Function],
  "queryAllByDisplayValue": [Function],
  "queryAllByLabelText": [Function],
  "queryAllByPlaceholderText": [Function],
  "queryAllByRole": [Function],
  "queryAllByTestId": [Function],
  "queryAllByText": [Function],
  "queryAllByTitle": [Function],
  "queryByAltText": [Function],
  "queryByDisplayValue": [Function],
  "queryByLabelText": [Function],
  "queryByPlaceholderText": [Function],
  "queryByRole": [Function],
  "queryByTestId": [Function],
  "queryByText": [Function],
  "queryByTitle": [Function],
  "rerender": [Function],
  "unmount": [Function],
}
`;
