// Jest Snapshot v1, https://goo.gl/fbAQLP

exports[`Test on Button should match initial snapshot 1`] = `
<button
  className="btn btn-primary"
  disabled={false}
  type="button"
>
  InitialTest
</button>
`;
